$ pnpm --dir apps/desktop tauri "dev" "--config" "C:/Users/yifan/project/vocab-collector/.scratch/paper-ui-implementation/native-validation.json" "--no-watch"
$ tauri "dev" "--config" "C:/Users/yifan/project/vocab-collector/.scratch/paper-ui-implementation/native-validation.json" "--no-watch"
     Running DevCommand (`cargo  run --no-default-features --color always --`)
   Compiling vocab-domain v0.1.0 (C:\Users\yifan\project\vocab-collector\crates\domain)
    Building [=======================> ] 451/462: vocab-d…
                                                            
   Compiling vocab-platform-api v0.1.0 (C:\Users\yifan\project\vocab-collector\crates\platform-api)
   Compiling vocab-storage v0.1.0 (C:\Users\yifan\project\vocab-collector\crates\storage)
   Compiling vocab-sync v0.1.0 (C:\Users\yifan\project\vocab-collector\crates\sync)
    Building [=======================> ] 451/462: vocab-s…
    Building [=======================> ] 452/462: vocab-d…
    Building [=======================> ] 453/462: vocab-p…
                                                            
   Compiling vocab-capture v0.1.0 (C:\Users\yifan\project\vocab-collector\crates\capture)
   Compiling vocab-translation-deepl v0.1.0 (C:\Users\yifan\project\vocab-collector\crates\translation-deepl)
   Compiling vocab-platform-windows v0.1.0 (C:\Users\yifan\project\vocab-collector\platform\windows)
   Compiling vocab-translation-azure v0.1.0 (C:\Users\yifan\project\vocab-collector\crates\translation-azure)
    Building [=======================> ] 453/462: vocab-c…
    Building [=======================> ] 454/462: vocab-c…
                                                            
   Compiling vocab-application v0.1.0 (C:\Users\yifan\project\vocab-collector\crates\application)
    Building [=======================> ] 454/462: vocab-a…
    Building [=======================> ] 455/462: vocab-a…
    Building [=======================> ] 456/462: vocab-a…
    Building [=======================> ] 457/462: vocab-a…
    Building [=======================> ] 458/462: vocab-a…
    Building [=======================> ] 459/462: vocab-a…
                                                            
   Compiling vocab-desktop v0.1.0 (C:\Users\yifan\project\vocab-collector\apps\desktop\src-tauri)
    Building [=======================> ] 460/462: vocab-d…
    Building [=======================> ] 461/462: vocab-d…
                                                            
    Finished `dev` profile [unoptimized + debuginfo] target(s) in 35.02s
     Running `C:\Users\yifan\project\vocab-collector\target\debug\vocab-desktop.exe`
error: process didn't exit successfully: `C:\Users\yifan\project\vocab-collector\target\debug\vocab-desktop.exe` (exit code: 0xffffffff)
[ELIFECYCLE] Command failed with exit code 4294967295.
[ELIFECYCLE] Command failed with exit code 4294967295.
